------------------------------------------------------------
TimeQuest Timing Analyzer Summary
------------------------------------------------------------

Type  : Slow 1100mV 85C Model Setup 'switch_debouncer:debouncer|y'
Slack : -4.217
TNS   : -147.312

Type  : Slow 1100mV 85C Model Setup 'x'
Slack : -3.368
TNS   : -97.130

Type  : Slow 1100mV 85C Model Setup 'clk'
Slack : -0.653
TNS   : -2.296

Type  : Slow 1100mV 85C Model Hold 'clk'
Slack : -1.486
TNS   : -4.823

Type  : Slow 1100mV 85C Model Hold 'switch_debouncer:debouncer|y'
Slack : 0.373
TNS   : 0.000

Type  : Slow 1100mV 85C Model Hold 'x'
Slack : 0.584
TNS   : 0.000

Type  : Slow 1100mV 85C Model Minimum Pulse Width 'switch_debouncer:debouncer|y'
Slack : -0.538
TNS   : -30.517

Type  : Slow 1100mV 85C Model Minimum Pulse Width 'x'
Slack : -0.538
TNS   : -25.848

Type  : Slow 1100mV 85C Model Minimum Pulse Width 'clk'
Slack : -0.538
TNS   : -3.363

Type  : Slow 1100mV 0C Model Setup 'switch_debouncer:debouncer|y'
Slack : -4.072
TNS   : -143.799

Type  : Slow 1100mV 0C Model Setup 'x'
Slack : -3.291
TNS   : -95.217

Type  : Slow 1100mV 0C Model Setup 'clk'
Slack : -0.841
TNS   : -2.366

Type  : Slow 1100mV 0C Model Hold 'clk'
Slack : -1.511
TNS   : -5.430

Type  : Slow 1100mV 0C Model Hold 'switch_debouncer:debouncer|y'
Slack : 0.427
TNS   : 0.000

Type  : Slow 1100mV 0C Model Hold 'x'
Slack : 0.695
TNS   : 0.000

Type  : Slow 1100mV 0C Model Minimum Pulse Width 'switch_debouncer:debouncer|y'
Slack : -0.538
TNS   : -30.215

Type  : Slow 1100mV 0C Model Minimum Pulse Width 'x'
Slack : -0.538
TNS   : -25.460

Type  : Slow 1100mV 0C Model Minimum Pulse Width 'clk'
Slack : -0.538
TNS   : -3.405

Type  : Fast 1100mV 85C Model Setup 'switch_debouncer:debouncer|y'
Slack : -1.607
TNS   : -56.796

Type  : Fast 1100mV 85C Model Setup 'x'
Slack : -1.034
TNS   : -28.541

Type  : Fast 1100mV 85C Model Setup 'clk'
Slack : -0.535
TNS   : -1.633

Type  : Fast 1100mV 85C Model Hold 'clk'
Slack : -0.834
TNS   : -3.189

Type  : Fast 1100mV 85C Model Hold 'switch_debouncer:debouncer|y'
Slack : 0.187
TNS   : 0.000

Type  : Fast 1100mV 85C Model Hold 'x'
Slack : 0.261
TNS   : 0.000

Type  : Fast 1100mV 85C Model Minimum Pulse Width 'clk'
Slack : -0.466
TNS   : -0.851

Type  : Fast 1100mV 85C Model Minimum Pulse Width 'x'
Slack : -0.352
TNS   : -11.930

Type  : Fast 1100mV 85C Model Minimum Pulse Width 'switch_debouncer:debouncer|y'
Slack : 0.002
TNS   : 0.000

Type  : Fast 1100mV 0C Model Setup 'switch_debouncer:debouncer|y'
Slack : -1.402
TNS   : -49.867

Type  : Fast 1100mV 0C Model Setup 'x'
Slack : -0.863
TNS   : -22.733

Type  : Fast 1100mV 0C Model Setup 'clk'
Slack : -0.388
TNS   : -0.854

Type  : Fast 1100mV 0C Model Hold 'clk'
Slack : -0.901
TNS   : -3.528

Type  : Fast 1100mV 0C Model Hold 'switch_debouncer:debouncer|y'
Slack : 0.175
TNS   : 0.000

Type  : Fast 1100mV 0C Model Hold 'x'
Slack : 0.270
TNS   : 0.000

Type  : Fast 1100mV 0C Model Minimum Pulse Width 'clk'
Slack : -0.420
TNS   : -0.772

Type  : Fast 1100mV 0C Model Minimum Pulse Width 'x'
Slack : -0.334
TNS   : -10.523

Type  : Fast 1100mV 0C Model Minimum Pulse Width 'switch_debouncer:debouncer|y'
Slack : 0.005
TNS   : 0.000

------------------------------------------------------------
