------------------------------------------------------------
TimeQuest Timing Analyzer Summary
------------------------------------------------------------

Type  : Slow 1100mV 85C Model Setup 'vga:vga|game_clk'
Slack : -7.455
TNS   : -3148.045

Type  : Slow 1100mV 85C Model Setup 'clk'
Slack : -5.525
TNS   : -116.527

Type  : Slow 1100mV 85C Model Setup 'vga:vga|Hsync'
Slack : -3.912
TNS   : -70.629

Type  : Slow 1100mV 85C Model Setup 'vga:vga|pixel_clk'
Slack : -3.738
TNS   : -59.902

Type  : Slow 1100mV 85C Model Hold 'clk'
Slack : -1.391
TNS   : -2.307

Type  : Slow 1100mV 85C Model Hold 'vga:vga|pixel_clk'
Slack : -0.039
TNS   : -0.039

Type  : Slow 1100mV 85C Model Hold 'vga:vga|Hsync'
Slack : 0.323
TNS   : 0.000

Type  : Slow 1100mV 85C Model Hold 'vga:vga|game_clk'
Slack : 0.440
TNS   : 0.000

Type  : Slow 1100mV 85C Model Recovery 'vga:vga|Hsync'
Slack : -1.211
TNS   : -15.387

Type  : Slow 1100mV 85C Model Recovery 'vga:vga|pixel_clk'
Slack : -0.005
TNS   : -0.020

Type  : Slow 1100mV 85C Model Removal 'vga:vga|pixel_clk'
Slack : 0.089
TNS   : 0.000

Type  : Slow 1100mV 85C Model Removal 'vga:vga|Hsync'
Slack : 1.285
TNS   : 0.000

Type  : Slow 1100mV 85C Model Minimum Pulse Width 'vga:vga|game_clk'
Slack : -0.538
TNS   : -501.344

Type  : Slow 1100mV 85C Model Minimum Pulse Width 'clk'
Slack : -0.538
TNS   : -26.669

Type  : Slow 1100mV 85C Model Minimum Pulse Width 'vga:vga|Hsync'
Slack : -0.538
TNS   : -21.524

Type  : Slow 1100mV 85C Model Minimum Pulse Width 'vga:vga|pixel_clk'
Slack : -0.538
TNS   : -17.132

Type  : Slow 1100mV 0C Model Setup 'vga:vga|game_clk'
Slack : -7.456
TNS   : -3119.019

Type  : Slow 1100mV 0C Model Setup 'clk'
Slack : -5.732
TNS   : -116.793

Type  : Slow 1100mV 0C Model Setup 'vga:vga|Hsync'
Slack : -3.909
TNS   : -71.081

Type  : Slow 1100mV 0C Model Setup 'vga:vga|pixel_clk'
Slack : -3.828
TNS   : -61.621

Type  : Slow 1100mV 0C Model Hold 'clk'
Slack : -1.345
TNS   : -2.225

Type  : Slow 1100mV 0C Model Hold 'vga:vga|pixel_clk'
Slack : -0.007
TNS   : -0.007

Type  : Slow 1100mV 0C Model Hold 'vga:vga|Hsync'
Slack : 0.321
TNS   : 0.000

Type  : Slow 1100mV 0C Model Hold 'vga:vga|game_clk'
Slack : 0.486
TNS   : 0.000

Type  : Slow 1100mV 0C Model Recovery 'vga:vga|Hsync'
Slack : -1.168
TNS   : -14.625

Type  : Slow 1100mV 0C Model Recovery 'vga:vga|pixel_clk'
Slack : 0.003
TNS   : 0.000

Type  : Slow 1100mV 0C Model Removal 'vga:vga|pixel_clk'
Slack : 0.100
TNS   : 0.000

Type  : Slow 1100mV 0C Model Removal 'vga:vga|Hsync'
Slack : 1.276
TNS   : 0.000

Type  : Slow 1100mV 0C Model Minimum Pulse Width 'vga:vga|game_clk'
Slack : -0.538
TNS   : -493.651

Type  : Slow 1100mV 0C Model Minimum Pulse Width 'clk'
Slack : -0.538
TNS   : -27.325

Type  : Slow 1100mV 0C Model Minimum Pulse Width 'vga:vga|Hsync'
Slack : -0.538
TNS   : -20.808

Type  : Slow 1100mV 0C Model Minimum Pulse Width 'vga:vga|pixel_clk'
Slack : -0.538
TNS   : -17.089

Type  : Fast 1100mV 85C Model Setup 'vga:vga|game_clk'
Slack : -3.300
TNS   : -1401.125

Type  : Fast 1100mV 85C Model Setup 'clk'
Slack : -2.634
TNS   : -45.613

Type  : Fast 1100mV 85C Model Setup 'vga:vga|pixel_clk'
Slack : -1.187
TNS   : -16.978

Type  : Fast 1100mV 85C Model Setup 'vga:vga|Hsync'
Slack : -1.140
TNS   : -20.442

Type  : Fast 1100mV 85C Model Hold 'clk'
Slack : -0.627
TNS   : -0.934

Type  : Fast 1100mV 85C Model Hold 'vga:vga|pixel_clk'
Slack : -0.077
TNS   : -0.077

Type  : Fast 1100mV 85C Model Hold 'vga:vga|game_clk'
Slack : 0.027
TNS   : 0.000

Type  : Fast 1100mV 85C Model Hold 'vga:vga|Hsync'
Slack : 0.191
TNS   : 0.000

Type  : Fast 1100mV 85C Model Recovery 'vga:vga|Hsync'
Slack : -0.366
TNS   : -4.741

Type  : Fast 1100mV 85C Model Recovery 'vga:vga|pixel_clk'
Slack : 0.233
TNS   : 0.000

Type  : Fast 1100mV 85C Model Removal 'vga:vga|pixel_clk'
Slack : 0.001
TNS   : 0.000

Type  : Fast 1100mV 85C Model Removal 'vga:vga|Hsync'
Slack : 0.888
TNS   : 0.000

Type  : Fast 1100mV 85C Model Minimum Pulse Width 'clk'
Slack : -0.430
TNS   : -4.022

Type  : Fast 1100mV 85C Model Minimum Pulse Width 'vga:vga|game_clk'
Slack : 0.019
TNS   : 0.000

Type  : Fast 1100mV 85C Model Minimum Pulse Width 'vga:vga|Hsync'
Slack : 0.026
TNS   : 0.000

Type  : Fast 1100mV 85C Model Minimum Pulse Width 'vga:vga|pixel_clk'
Slack : 0.126
TNS   : 0.000

Type  : Fast 1100mV 0C Model Setup 'vga:vga|game_clk'
Slack : -2.947
TNS   : -1210.406

Type  : Fast 1100mV 0C Model Setup 'clk'
Slack : -2.523
TNS   : -40.766

Type  : Fast 1100mV 0C Model Setup 'vga:vga|pixel_clk'
Slack : -1.073
TNS   : -15.143

Type  : Fast 1100mV 0C Model Setup 'vga:vga|Hsync'
Slack : -1.000
TNS   : -17.675

Type  : Fast 1100mV 0C Model Hold 'clk'
Slack : -0.556
TNS   : -0.830

Type  : Fast 1100mV 0C Model Hold 'vga:vga|pixel_clk'
Slack : -0.056
TNS   : -0.056

Type  : Fast 1100mV 0C Model Hold 'vga:vga|game_clk'
Slack : 0.066
TNS   : 0.000

Type  : Fast 1100mV 0C Model Hold 'vga:vga|Hsync'
Slack : 0.178
TNS   : 0.000

Type  : Fast 1100mV 0C Model Recovery 'vga:vga|Hsync'
Slack : -0.293
TNS   : -3.793

Type  : Fast 1100mV 0C Model Recovery 'vga:vga|pixel_clk'
Slack : 0.244
TNS   : 0.000

Type  : Fast 1100mV 0C Model Removal 'vga:vga|pixel_clk'
Slack : 0.006
TNS   : 0.000

Type  : Fast 1100mV 0C Model Removal 'vga:vga|Hsync'
Slack : 0.857
TNS   : 0.000

Type  : Fast 1100mV 0C Model Minimum Pulse Width 'clk'
Slack : -0.445
TNS   : -4.134

Type  : Fast 1100mV 0C Model Minimum Pulse Width 'vga:vga|Hsync'
Slack : 0.049
TNS   : 0.000

Type  : Fast 1100mV 0C Model Minimum Pulse Width 'vga:vga|game_clk'
Slack : 0.064
TNS   : 0.000

Type  : Fast 1100mV 0C Model Minimum Pulse Width 'vga:vga|pixel_clk'
Slack : 0.128
TNS   : 0.000

------------------------------------------------------------
